------------------------------------------------------------
TimeQuest Timing Analyzer Summary
------------------------------------------------------------

Type  : Slow 1200mV 85C Model Setup 'clk'
Slack : -0.484
TNS   : -1.507

Type  : Slow 1200mV 85C Model Hold 'clk'
Slack : 0.355
TNS   : 0.000

Type  : Slow 1200mV 85C Model Recovery 'clk'
Slack : -0.242
TNS   : -0.968

Type  : Slow 1200mV 85C Model Removal 'clk'
Slack : 0.832
TNS   : 0.000

Type  : Slow 1200mV 85C Model Minimum Pulse Width 'clk'
Slack : -3.000
TNS   : -11.000

Type  : Slow 1200mV 0C Model Setup 'clk'
Slack : -0.313
TNS   : -0.740

Type  : Slow 1200mV 0C Model Hold 'clk'
Slack : 0.310
TNS   : 0.000

Type  : Slow 1200mV 0C Model Recovery 'clk'
Slack : -0.115
TNS   : -0.460

Type  : Slow 1200mV 0C Model Removal 'clk'
Slack : 0.743
TNS   : 0.000

Type  : Slow 1200mV 0C Model Minimum Pulse Width 'clk'
Slack : -3.000
TNS   : -11.000

Type  : Fast 1200mV 0C Model Setup 'clk'
Slack : 0.165
TNS   : 0.000

Type  : Fast 1200mV 0C Model Hold 'clk'
Slack : 0.186
TNS   : 0.000

Type  : Fast 1200mV 0C Model Recovery 'clk'
Slack : 0.295
TNS   : 0.000

Type  : Fast 1200mV 0C Model Removal 'clk'
Slack : 0.468
TNS   : 0.000

Type  : Fast 1200mV 0C Model Minimum Pulse Width 'clk'
Slack : -3.000
TNS   : -11.210

------------------------------------------------------------
